* test-branch

test@example.com
Timo Testi
localhost
5870
0000000 IMPLEMENT ME
0000000 IMPLEMENT ME
git version: stub-git

