[{'commit_ref': '',
  'date': 'Thu,  10 Feb 2011 15:23:31 +0300',
  'delegate': 'test',
  'delegate_id': 25621,
  'filename': 'test-1.patch',
  'id': 1001,
  'msgid': '<11111@example.com>',
  'name': '[1/7] foo: test 1',
  'project': 'Linux Wireless Mailing List',
  'project_id': 15,
  'state': 'Under Review',
  'state_id': 2,
  'submitter': 'Dino Dinosaurus <dino@example.com>',
  'submitter_id': 7477},
 {'commit_ref': '',
  'date': 'Thu,  11 Feb 2011 15:23:31 +0300',
  'delegate': 'test',
  'delegate_id': 25621,
  'filename': 'test-2.patch',
  'id': 1002,
  'msgid': '<22222@example.com>',
  'name': '[1/7] foo: test 2',
  'project': 'Linux Wireless Mailing List',
  'project_id': 15,
  'state': 'Under Review',
  'state_id': 2,
  'submitter': 'Timo Tiger <timo@example.com>',
  'submitter_id': 7477},
 {'commit_ref': '',
  'date': 'Thu,  11 Feb 2011 15:23:31 +0300',
  'delegate': 'test',
  'delegate_id': 25621,
  'filename': '020-deferred-1.patch',
  'id': 1020,
  'msgid': '<22222@example.com>',
  'name': 'foo: small cleanup',
  'project': 'Linux Wireless Mailing List',
  'project_id': 15,
  'state': 'Deferred',
  'state_id': 10,
  'submitter': 'Timo Tiger <timo@example.com>',
  'submitter_id': 7477}]
